<html>
<body>
<pre>
<h1>µVision Build Log</h1>
<h2>Project:</h2>
C:\Users\Megalodon\Documents\Classes\319k\Bullethell\Bullethell.uvproj
Project File Date:  04/28/2013

<h2>Output:</h2>
Rebuild target 'Bullethell'
compiling ADC.c...
compiling main.c...
assembling Startup.s...
compiling Output.c...
compiling rit128x96x4.c...
compiling SysTickInts.c...
compiling Entities.c...
linking...
Bullethell.axf: Error: L6200E: Symbol RAMImageBuffer multiply defined (by output.o and main.o).
Bullethell.axf: Error: L6200E: Symbol RAMImageBuffer multiply defined (by rit128x96x4.o and main.o).
Target not created
Rebuild target 'Bullethell'
compiling ADC.c...
compiling main.c...
assembling Startup.s...
compiling Output.c...
compiling rit128x96x4.c...
compiling SysTickInts.c...
compiling Entities.c...
linking...
Program Size: Code=5252 RO-data=760 RW-data=40 ZI-data=7672  
"Bullethell.axf" - 0 Error(s), 0 Warning(s).
Rebuild target 'Bullethell'
compiling ADC.c...
compiling main.c...
assembling Startup.s...
compiling Output.c...
compiling rit128x96x4.c...
compiling SysTickInts.c...
compiling Entities.c...
linking...
Program Size: Code=5252 RO-data=760 RW-data=40 ZI-data=7672  
"Bullethell.axf" - 0 Error(s), 0 Warning(s).
Clean started: Project: 'Bullethell'
   deleting intermediate output files for target 'Bullethell'
Rebuild target 'Bullethell'
compiling ADC.c...
compiling main.c...
assembling Startup.s...
compiling Output.c...
compiling rit128x96x4.c...
compiling SysTickInts.c...
compiling Entities.c...
linking...
Program Size: Code=5252 RO-data=760 RW-data=40 ZI-data=7672  
"Bullethell.axf" - 0 Error(s), 0 Warning(s).
Clean started: Project: 'Bullethell'
   deleting intermediate output files for target 'Bullethell'
Rebuild target 'Bullethell'
compiling ADC.c...
compiling main.c...
assembling Startup.s...
compiling Output.c...
compiling rit128x96x4.c...
compiling SysTickInts.c...
compiling Entities.c...
linking...
Bullethell.axf: Error: L6200E: Symbol SmallEnemy10PointA multiply defined (by entities.o and main.o).
Target not created
Rebuild target 'Bullethell'
compiling ADC.c...
compiling main.c...
controller.h(1): warning:  #1-D: last line of file ends without a newline
main.c(34): warning:  #223-D: function "InitAdcPorts" declared implicitly
main.c(54): warning:  #223-D: function "sampleAdcPort" declared implicitly
assembling Startup.s...
compiling Output.c...
compiling rit128x96x4.c...
compiling SysTickInts.c...
compiling Entities.c...
linking...
Program Size: Code=5140 RO-data=760 RW-data=40 ZI-data=7672  
"Bullethell.axf" - 0 Error(s), 3 Warning(s).
Rebuild target 'Bullethell'
compiling ADC.c...
compiling main.c...
controller.h(1): warning:  #1-D: last line of file ends without a newline
main.c(34): warning:  #223-D: function "InitAdcPorts" declared implicitly
main.c(54): warning:  #223-D: function "sampleAdcPort" declared implicitly
assembling Startup.s...
compiling Output.c...
compiling rit128x96x4.c...
compiling SysTickInts.c...
compiling Entities.c...
linking...
Program Size: Code=5140 RO-data=760 RW-data=40 ZI-data=7672  
"Bullethell.axf" - 0 Error(s), 3 Warning(s).
Rebuild target 'Bullethell'
compiling ADC.c...
compiling main.c...
controller.h(1): warning:  #1-D: last line of file ends without a newline
main.c(34): warning:  #223-D: function "InitAdcPorts" declared implicitly
main.c(54): warning:  #223-D: function "sampleAdcPort" declared implicitly
assembling Startup.s...
compiling Output.c...
compiling rit128x96x4.c...
compiling SysTickInts.c...
compiling Entities.c...
compiling Controller.c...
controller.h(1): warning:  #1-D: last line of file ends without a newline
Controller.c(10): error:  #169: expected a declaration
Controller.c(12): error:  #169: expected a declaration
Controller.c(13): error:  #169: expected a declaration
Controller.c(14): error:  #169: expected a declaration
Controller.c(15): error:  #169: expected a declaration
Controller.c(16): error:  #169: expected a declaration
Controller.c(17): error:  #77-D: this declaration has no storage class or type specifier
Controller.c(17): error:  #20: identifier "GPIOPinRead" is undefined
Controller.c(17): error:  #59: function call is not allowed in a constant expression
Controller.c(17): error:  #20: identifier "GPIO_PORTG_BASE" is undefined
Controller.c(17): error:  #20: identifier "GPIO_PIN_7" is undefined
Controller.c(18): warning:  #1-D: last line of file ends without a newline
Target not created
Rebuild target 'Bullethell'
compiling ADC.c...
compiling main.c...
controller.h(1): warning:  #1-D: last line of file ends without a newline
main.c(33): warning:  #223-D: function "CTLRInit" declared implicitly
assembling Startup.s...
compiling Output.c...
compiling rit128x96x4.c...
compiling SysTickInts.c...
compiling Entities.c...
compiling Controller.c...
controller.h(1): warning:  #1-D: last line of file ends without a newline
Controller.c(26): error:  #20: identifier "ADCValues" is undefined
Controller.c(32): warning:  #223-D: function "GPIOPinRead" declared implicitly
Controller.c(32): error:  #20: identifier "GPIO_PORTG_BASE" is undefined
Controller.c(32): error:  #20: identifier "GPIO_PIN_7" is undefined
Controller.c(38): error:  #92: identifier-list parameters may only be used in a function definition
Controller.c(39): warning:  #223-D: function "printf" declared implicitly
Controller.c(39): error:  #20: identifier "ADCValues" is undefined
Controller.c(44): warning:  #223-D: function "Output_Cursor_Reset" declared implicitly
Controller.c(37): warning:  #177-D: variable "X" was declared but never referenced
Controller.c(37): warning:  #177-D: variable "Y" was declared but never referenced
Controller.c(37): warning:  #177-D: variable "button" was declared but never referenced
Controller.c(50): error:  #20: identifier "ADCValues" is undefined
Target not created
Rebuild target 'Bullethell'
compiling ADC.c...
compiling main.c...
controller.h(1): warning:  #1-D: last line of file ends without a newline
main.c(33): warning:  #223-D: function "CTLRInit" declared implicitly
assembling Startup.s...
compiling Output.c...
compiling rit128x96x4.c...
compiling SysTickInts.c...
compiling Entities.c...
compiling Controller.c...
controller.h(1): warning:  #1-D: last line of file ends without a newline
Controller.c(26): error:  #20: identifier "ADCValues" is undefined
Controller.c(32): warning:  #223-D: function "GPIOPinRead" declared implicitly
Controller.c(32): error:  #20: identifier "GPIO_PORTG_BASE" is undefined
Controller.c(32): error:  #20: identifier "GPIO_PIN_7" is undefined
Controller.c(38): error:  #92: identifier-list parameters may only be used in a function definition
Controller.c(39): warning:  #223-D: function "printf" declared implicitly
Controller.c(39): error:  #20: identifier "ADCValues" is undefined
Controller.c(44): warning:  #223-D: function "Output_Cursor_Reset" declared implicitly
Controller.c(50): error:  #20: identifier "ADCValues" is undefined
Target not created
Rebuild target 'Bullethell'
compiling ADC.c...
compiling main.c...
controller.h(1): warning:  #1-D: last line of file ends without a newline
main.c(33): warning:  #223-D: function "CTLRInit" declared implicitly
assembling Startup.s...
compiling Output.c...
compiling rit128x96x4.c...
compiling SysTickInts.c...
compiling Entities.c...
compiling Controller.c...
controller.h(1): warning:  #1-D: last line of file ends without a newline
Controller.c(32): warning:  #223-D: function "GPIOPinRead" declared implicitly
Controller.c(32): error:  #20: identifier "GPIO_PORTG_BASE" is undefined
Controller.c(32): error:  #20: identifier "GPIO_PIN_7" is undefined
Controller.c(38): error:  #92: identifier-list parameters may only be used in a function definition
Controller.c(39): warning:  #223-D: function "printf" declared implicitly
Controller.c(44): warning:  #223-D: function "Output_Cursor_Reset" declared implicitly
Controller.c(50): warning:  #167-D: argument of type "long *" is incompatible with parameter of type "unsigned long *"
Target not created
Rebuild target 'Bullethell'
compiling ADC.c...
compiling main.c...
main.c(33): warning:  #223-D: function "CTLRInit" declared implicitly
assembling Startup.s...
compiling Output.c...
compiling rit128x96x4.c...
compiling SysTickInts.c...
compiling Entities.c...
compiling Controller.c...
Controller.c(32): warning:  #223-D: function "GPIOPinRead" declared implicitly
Controller.c(32): error:  #20: identifier "GPIO_PORTG_BASE" is undefined
Controller.c(32): error:  #20: identifier "GPIO_PIN_7" is undefined
Controller.c(38): error:  #92: identifier-list parameters may only be used in a function definition
Controller.c(39): warning:  #223-D: function "printf" declared implicitly
Controller.c(44): warning:  #223-D: function "Output_Cursor_Reset" declared implicitly
Controller.c(50): warning:  #167-D: argument of type "long *" is incompatible with parameter of type "unsigned long *"
Target not created
Rebuild target 'Bullethell'
compiling ADC.c...
compiling main.c...
main.c(33): warning:  #223-D: function "CTLRInit" declared implicitly
assembling Startup.s...
compiling Output.c...
compiling rit128x96x4.c...
compiling SysTickInts.c...
compiling Entities.c...
compiling Controller.c...
Controller.c(32): warning:  #223-D: function "GPIOPinRead" declared implicitly
Controller.c(32): error:  #20: identifier "GPIO_PORTG_BASE" is undefined
Controller.c(32): error:  #20: identifier "GPIO_PIN_7" is undefined
Controller.c(38): error:  #92: identifier-list parameters may only be used in a function definition
Controller.c(39): warning:  #223-D: function "printf" declared implicitly
Controller.c(44): warning:  #223-D: function "Output_Cursor_Reset" declared implicitly
Controller.c(50): warning:  #167-D: argument of type "long *" is incompatible with parameter of type "unsigned long *"
Target not created
Rebuild target 'Bullethell'
compiling ADC.c...
compiling main.c...
assembling Startup.s...
compiling Output.c...
compiling rit128x96x4.c...
compiling SysTickInts.c...
compiling Entities.c...
compiling Controller.c...
Controller.c(32): warning:  #223-D: function "GPIOPinRead" declared implicitly
Controller.c(32): error:  #20: identifier "GPIO_PORTG_BASE" is undefined
Controller.c(32): error:  #20: identifier "GPIO_PIN_7" is undefined
Controller.c(38): error:  #92: identifier-list parameters may only be used in a function definition
Controller.c(39): warning:  #223-D: function "printf" declared implicitly
Controller.c(44): warning:  #223-D: function "Output_Cursor_Reset" declared implicitly
Controller.c(50): warning:  #167-D: argument of type "long *" is incompatible with parameter of type "unsigned long *"
Target not created
Rebuild target 'Bullethell'
compiling ADC.c...
compiling main.c...
assembling Startup.s...
compiling Output.c...
compiling rit128x96x4.c...
compiling SysTickInts.c...
compiling Entities.c...
compiling Controller.c...
Controller.c(33): warning:  #223-D: function "GPIOPinRead" declared implicitly
Controller.c(33): error:  #20: identifier "GPIO_PORTG_BASE" is undefined
Controller.c(33): error:  #20: identifier "GPIO_PIN_7" is undefined
Controller.c(39): error:  #92: identifier-list parameters may only be used in a function definition
Controller.c(45): warning:  #223-D: function "Output_Cursor_Reset" declared implicitly
Controller.c(51): warning:  #167-D: argument of type "long *" is incompatible with parameter of type "unsigned long *"
Target not created
Rebuild target 'Bullethell'
compiling ADC.c...
compiling main.c...
assembling Startup.s...
compiling Output.c...
compiling rit128x96x4.c...
compiling SysTickInts.c...
compiling Entities.c...
compiling Controller.c...
Controller.c(34): warning:  #223-D: function "GPIOPinRead" declared implicitly
Controller.c(34): error:  #20: identifier "GPIO_PORTG_BASE" is undefined
Controller.c(34): error:  #20: identifier "GPIO_PIN_7" is undefined
Controller.c(40): error:  #92: identifier-list parameters may only be used in a function definition
Controller.c(52): warning:  #167-D: argument of type "long *" is incompatible with parameter of type "unsigned long *"
Target not created
Rebuild target 'Bullethell'
compiling ADC.c...
compiling main.c...
assembling Startup.s...
compiling Output.c...
compiling rit128x96x4.c...
compiling SysTickInts.c...
compiling Entities.c...
compiling Controller.c...
Controller.c(43): error:  #92: identifier-list parameters may only be used in a function definition
Controller.c(55): warning:  #167-D: argument of type "long *" is incompatible with parameter of type "unsigned long *"
Target not created
Rebuild target 'Bullethell'
compiling ADC.c...
compiling main.c...
assembling Startup.s...
compiling Output.c...
compiling rit128x96x4.c...
compiling SysTickInts.c...
compiling Entities.c...
compiling Controller.c...
Controller.c(43): error:  #167: argument of type "int" is incompatible with parameter of type "long *"
Controller.c(43): error:  #167: argument of type "int" is incompatible with parameter of type "long *"
Controller.c(43): error:  #167: argument of type "int" is incompatible with parameter of type "long *"
Controller.c(55): warning:  #167-D: argument of type "long *" is incompatible with parameter of type "unsigned long *"
Target not created
Rebuild target 'Bullethell'
compiling ADC.c...
compiling main.c...
assembling Startup.s...
compiling Output.c...
compiling rit128x96x4.c...
compiling SysTickInts.c...
compiling Entities.c...
compiling Controller.c...
Controller.c(43): error:  #167: argument of type "long" is incompatible with parameter of type "long *"
Controller.c(43): error:  #167: argument of type "long" is incompatible with parameter of type "long *"
Controller.c(43): error:  #167: argument of type "long" is incompatible with parameter of type "long *"
Controller.c(55): warning:  #167-D: argument of type "long *" is incompatible with parameter of type "unsigned long *"
Target not created
Rebuild target 'Bullethell'
compiling ADC.c...
compiling main.c...
assembling Startup.s...
compiling Output.c...
compiling rit128x96x4.c...
compiling SysTickInts.c...
compiling Entities.c...
compiling Controller.c...
Controller.c(43): error:  #167: argument of type "long" is incompatible with parameter of type "long *"
Controller.c(43): error:  #167: argument of type "long" is incompatible with parameter of type "long *"
Controller.c(55): warning:  #167-D: argument of type "long *" is incompatible with parameter of type "unsigned long *"
Target not created
Rebuild target 'Bullethell'
compiling ADC.c...
compiling main.c...
assembling Startup.s...
compiling Output.c...
compiling rit128x96x4.c...
compiling SysTickInts.c...
compiling Entities.c...
compiling Controller.c...
Controller.c(55): warning:  #167-D: argument of type "long *" is incompatible with parameter of type "unsigned long *"
linking...
Bullethell.axf: Error: L6200E: Symbol XPos multiply defined (by controller.o and main.o).
Bullethell.axf: Error: L6200E: Symbol YPos multiply defined (by controller.o and main.o).
Target not created
Rebuild target 'Bullethell'
compiling ADC.c...
compiling main.c...
assembling Startup.s...
compiling Output.c...
compiling rit128x96x4.c...
compiling SysTickInts.c...
compiling Entities.c...
compiling Controller.c...
Controller.c(55): warning:  #167-D: argument of type "long *" is incompatible with parameter of type "unsigned long *"
linking...
Program Size: Code=5260 RO-data=760 RW-data=40 ZI-data=7672  
"Bullethell.axf" - 0 Error(s), 1 Warning(s).
Rebuild target 'Bullethell'
compiling ADC.c...
compiling main.c...
main.c(39): error:  #20: identifier "CT" is undefined
main.c(40): error:  #65: expected a ";"
assembling Startup.s...
compiling Output.c...
compiling rit128x96x4.c...
compiling SysTickInts.c...
compiling Entities.c...
compiling Controller.c...
Controller.c(53): warning:  #167-D: argument of type "long *" is incompatible with parameter of type "unsigned long *"
Target not created
Rebuild target 'Bullethell'
compiling ADC.c...
compiling main.c...
assembling Startup.s...
compiling Output.c...
compiling rit128x96x4.c...
compiling SysTickInts.c...
compiling Entities.c...
compiling Controller.c...
Controller.c(53): warning:  #167-D: argument of type "long *" is incompatible with parameter of type "unsigned long *"
linking...
Program Size: Code=5264 RO-data=760 RW-data=32 ZI-data=7672  
"Bullethell.axf" - 0 Error(s), 1 Warning(s).
Rebuild target 'Bullethell'
compiling ADC.c...
compiling main.c...
assembling Startup.s...
compiling Output.c...
compiling rit128x96x4.c...
compiling SysTickInts.c...
compiling Entities.c...
compiling Controller.c...
linking...
Program Size: Code=5264 RO-data=760 RW-data=32 ZI-data=7672  
"Bullethell.axf" - 0 Error(s), 0 Warning(s).
Rebuild target 'Bullethell'
compiling ADC.c...
compiling main.c...
assembling Startup.s...
compiling Output.c...
compiling rit128x96x4.c...
compiling SysTickInts.c...
compiling Entities.c...
compiling Controller.c...
Controller.c(34): error:  #20: identifier "GPIO_PORTG_BASE" is undefined
Target not created
Rebuild target 'Bullethell'
compiling ADC.c...
compiling main.c...
assembling Startup.s...
compiling Output.c...
compiling rit128x96x4.c...
compiling SysTickInts.c...
compiling Entities.c...
compiling Controller.c...
Controller.c(34): warning:  #223-D: function "GPIOPinRead" declared implicitly
Controller.c(34): error:  #20: identifier "GPIO_PIN_7" is undefined
Target not created
Rebuild target 'Bullethell'
compiling ADC.c...
compiling main.c...
assembling Startup.s...
compiling Output.c...
compiling rit128x96x4.c...
compiling SysTickInts.c...
compiling Entities.c...
compiling Controller.c...
linking...
Program Size: Code=5264 RO-data=760 RW-data=32 ZI-data=7672  
"Bullethell.axf" - 0 Error(s), 0 Warning(s).
Rebuild target 'Bullethell'
compiling ADC.c...
compiling main.c...
assembling Startup.s...
compiling Output.c...
compiling rit128x96x4.c...
compiling SysTickInts.c...
compiling Entities.c...
compiling Controller.c...
linking...
Program Size: Code=5264 RO-data=760 RW-data=32 ZI-data=7672  
"Bullethell.axf" - 0 Error(s), 0 Warning(s).
Clean started: Project: 'Bullethell'
   deleting intermediate output files for target 'Bullethell'
Clean started: Project: 'Bullethell'
   deleting intermediate output files for target 'Bullethell'
