<html>
<body>
<pre>
<h1>µVision Build Log</h1>
<h2>Project:</h2>
C:\Users\Megalodon\Documents\Classes\319k\Bullethell\Bullethell.uvproj
Project File Date:  04/23/2013

<h2>Output:</h2>
Rebuild target 'Bullethell'
compiling ADC.c...
compiling main.c...
assembling Startup.s...
compiling Output.c...
compiling rit128x96x4.c...
compiling SysTickInts.c...
linking...
Program Size: Code=4996 RO-data=760 RW-data=40 ZI-data=1528  
"Bullethell.axf" - 0 Error(s), 0 Warning(s).
Rebuild target 'Bullethell'
compiling ADC.c...
compiling main.c...
assembling Startup.s...
compiling Output.c...
compiling rit128x96x4.c...
compiling SysTickInts.c...
compiling Entities.c...
Entities.c(4): error:  #77-D: this declaration has no storage class or type specifier
Entities.c(4): error:  #65: expected a ";"
Entities.c(9): warning:  #12-D: parsing restarts here after previous syntax error
Entities.c(13): error:  #92: identifier-list parameters may only be used in a function definition
Entities.c(13): error:  #40: expected an identifier
Entities.c(13): error:  #40: expected an identifier
Entities.c(14): error:  #40: expected an identifier
Entities.c(14): error:  #70: incomplete type is not allowed
Entities.c(15): error:  #40: expected an identifier
Entities.c(15): error:  #70: incomplete type is not allowed
Entities.c(16): error:  #40: expected an identifier
Entities.c(16): error:  #70: incomplete type is not allowed
Entities.c(16): warning:  #65-D: expected a ";"
Target not created
Rebuild target 'Bullethell'
compiling ADC.c...
compiling main.c...
assembling Startup.s...
compiling Output.c...
compiling rit128x96x4.c...
compiling SysTickInts.c...
compiling Entities.c...
entities.h(4): error:  #77-D: this declaration has no storage class or type specifier
entities.h(4): error:  #65: expected a ";"
entities.h(9): warning:  #12-D: parsing restarts here after previous syntax error
entities.h(13): error:  #92: identifier-list parameters may only be used in a function definition
entities.h(13): error:  #40: expected an identifier
entities.h(13): error:  #40: expected an identifier
entities.h(14): error:  #40: expected an identifier
entities.h(14): error:  #70: incomplete type is not allowed
entities.h(15): error:  #40: expected an identifier
entities.h(15): error:  #70: incomplete type is not allowed
entities.h(16): error:  #40: expected an identifier
entities.h(16): error:  #70: incomplete type is not allowed
entities.h(17): error:  #40: expected an identifier
entities.h(17): error:  #70: incomplete type is not allowed
entities.h(17): warning:  #65-D: expected a ";"
entities.h(22): warning:  #1-D: last line of file ends without a newline
Entities.c(6): error:  #42: operand types are incompatible ("long *" and "int")
Target not created
Rebuild target 'Bullethell'
compiling ADC.c...
compiling main.c...
assembling Startup.s...
compiling Output.c...
compiling rit128x96x4.c...
compiling SysTickInts.c...
compiling Entities.c...
entities.h(6): error:  #40: expected an identifier
entities.h(7): error:  #40: expected an identifier
entities.h(8): error:  #40: expected an identifier
entities.h(9): error:  #40: expected an identifier
entities.h(9): warning:  #65-D: expected a ";"
entities.h(13): error:  #92: identifier-list parameters may only be used in a function definition
entities.h(13): error:  #40: expected an identifier
entities.h(13): error:  #40: expected an identifier
entities.h(14): error:  #40: expected an identifier
entities.h(14): error:  #70: incomplete type is not allowed
entities.h(15): error:  #40: expected an identifier
entities.h(15): error:  #70: incomplete type is not allowed
entities.h(16): error:  #40: expected an identifier
entities.h(16): error:  #70: incomplete type is not allowed
entities.h(17): error:  #40: expected an identifier
entities.h(17): error:  #70: incomplete type is not allowed
entities.h(17): warning:  #65-D: expected a ";"
entities.h(22): warning:  #1-D: last line of file ends without a newline
Entities.c(6): error:  #42: operand types are incompatible ("long *" and "int")
Target not created
Rebuild target 'Bullethell'
compiling ADC.c...
compiling main.c...
assembling Startup.s...
compiling Output.c...
compiling rit128x96x4.c...
compiling SysTickInts.c...
compiling Entities.c...
entities.h(13): error:  #92: identifier-list parameters may only be used in a function definition
entities.h(13): error:  #40: expected an identifier
entities.h(13): error:  #40: expected an identifier
entities.h(22): warning:  #1-D: last line of file ends without a newline
Entities.c(6): error:  #42: operand types are incompatible ("long *" and "int")
Target not created
Rebuild target 'Bullethell'
compiling ADC.c...
compiling main.c...
assembling Startup.s...
compiling Output.c...
compiling rit128x96x4.c...
compiling SysTickInts.c...
compiling Entities.c...
entities.h(13): error:  #40: expected an identifier
entities.h(13): error:  #79: expected a type specifier
entities.h(13): error:  #92: identifier-list parameters may only be used in a function definition
entities.h(13): error:  #40: expected an identifier
entities.h(13): error:  #40: expected an identifier
entities.h(13): error:  #90: function returning function is not allowed
entities.h(13): error:  #168: a function type is not allowed here
entities.h(22): warning:  #1-D: last line of file ends without a newline
Entities.c(6): error:  #42: operand types are incompatible ("long *" and "int")
Target not created
Rebuild target 'Bullethell'
compiling ADC.c...
compiling main.c...
assembling Startup.s...
compiling Output.c...
compiling rit128x96x4.c...
compiling SysTickInts.c...
compiling Entities.c...
entities.h(13): error:  #92: identifier-list parameters may only be used in a function definition
entities.h(13): error:  #40: expected an identifier
entities.h(13): error:  #40: expected an identifier
entities.h(22): warning:  #1-D: last line of file ends without a newline
Entities.c(6): error:  #42: operand types are incompatible ("long *" and "int")
Target not created
Rebuild target 'Bullethell'
compiling ADC.c...
compiling main.c...
assembling Startup.s...
compiling Output.c...
compiling rit128x96x4.c...
compiling SysTickInts.c...
compiling Entities.c...
entities.h(22): warning:  #1-D: last line of file ends without a newline
Entities.c(6): error:  #42: operand types are incompatible ("long *" and "int")
Target not created
Rebuild target 'Bullethell'
compiling ADC.c...
compiling main.c...
assembling Startup.s...
compiling Output.c...
compiling rit128x96x4.c...
compiling SysTickInts.c...
compiling Entities.c...
linking...
Program Size: Code=4996 RO-data=760 RW-data=40 ZI-data=1528  
"Bullethell.axf" - 0 Error(s), 0 Warning(s).
Rebuild target 'Bullethell'
compiling ADC.c...
compiling main.c...
assembling Startup.s...
compiling Output.c...
compiling rit128x96x4.c...
compiling SysTickInts.c...
compiling Entities.c...
entities.h(22): error:  #18: expected a ")"
Entities.c(5): error:  #79: expected a type specifier
Entities.c(5): error:  #141-D: unnamed prototyped parameters not allowed when body is present
Entities.c(13): error:  #147-D: declaration is incompatible with "void death_fairy(long, long *, long *, char *, char *)" (declared at line 21 of "entities.h")
Entities.c(18): error:  #20: identifier "ydirection" is undefined
Entities.c(21): error:  #20: identifier "ydirection" is undefined
Entities.c(23): warning:  #1-D: last line of file ends without a newline
Target not created
Rebuild target 'Bullethell'
compiling ADC.c...
compiling main.c...
assembling Startup.s...
compiling Output.c...
compiling rit128x96x4.c...
compiling SysTickInts.c...
compiling Entities.c...
Entities.c(5): error:  #79: expected a type specifier
Entities.c(5): error:  #141-D: unnamed prototyped parameters not allowed when body is present
Entities.c(13): error:  #147-D: declaration is incompatible with "void death_fairy(long, long *, long *, char *, char *)" (declared at line 21 of "entities.h")
Entities.c(18): error:  #20: identifier "ydirection" is undefined
Entities.c(21): error:  #20: identifier "ydirection" is undefined
Entities.c(23): warning:  #1-D: last line of file ends without a newline
Target not created
Rebuild target 'Bullethell'
compiling ADC.c...
compiling main.c...
assembling Startup.s...
compiling Output.c...
compiling rit128x96x4.c...
compiling SysTickInts.c...
compiling Entities.c...
Entities.c(13): error:  #147-D: declaration is incompatible with "void death_fairy(long, long *, long *, char *, char *)" (declared at line 21 of "entities.h")
Entities.c(18): error:  #20: identifier "ydirection" is undefined
Entities.c(21): error:  #20: identifier "ydirection" is undefined
Entities.c(23): warning:  #1-D: last line of file ends without a newline
Target not created
Rebuild target 'Bullethell'
compiling ADC.c...
compiling main.c...
assembling Startup.s...
compiling Output.c...
compiling rit128x96x4.c...
compiling SysTickInts.c...
compiling Entities.c...
Entities.c(23): warning:  #1-D: last line of file ends without a newline
linking...
Program Size: Code=4996 RO-data=760 RW-data=40 ZI-data=1528  
"Bullethell.axf" - 0 Error(s), 1 Warning(s).
Rebuild target 'Bullethell'
compiling ADC.c...
compiling main.c...
assembling Startup.s...
compiling Output.c...
compiling rit128x96x4.c...
compiling SysTickInts.c...
compiling Entities.c...
linking...
Program Size: Code=4996 RO-data=760 RW-data=40 ZI-data=1528  
"Bullethell.axf" - 0 Error(s), 0 Warning(s).
Clean started: Project: 'Bullethell'
   deleting intermediate output files for target 'Bullethell'
